============================= test session starts =============================
platform win32 -- Python 3.13.7, pytest-9.0.2, pluggy-1.6.0
rootdir: D:\flutterserver\pdftopng
plugins: anyio-4.10.0, langsmith-0.4.27, asyncio-1.3.0
asyncio: mode=Mode.STRICT, debug=False, asyncio_default_fixture_loop_scope=None, asyncio_default_test_loop_scope=function
collected 0 items / 1 error

=================================== ERRORS ====================================
______________ ERROR collecting tests/test_conversations_api.py _______________
ImportError while importing test module 'D:\flutterserver\pdftopng\tests\test_conversations_api.py'.
Hint: make sure your test modules/packages have valid Python names.
Traceback:
C:\Users\USER\AppData\Local\Programs\Python\Python313\Lib\importlib\__init__.py:88: in import_module
    return _bootstrap._gcd_import(name[level:], package, level)
           ^^^^^^^^^^^^^^^^^^^^^^^^^^^^^^^^^^^^^^^^^^^^^^^^^^^^
tests\test_conversations_api.py:10: in <module>
    from main import app
main.py:33: in <module>
    from pdfserviceMD.router import router as pdfmd_router
pdfserviceMD\router.py:24: in <module>
    from data_base.vector_store_manager import (
data_base\vector_store_manager.py:17: in <module>
    from langchain_classic.retrievers import EnsembleRetriever
E   ModuleNotFoundError: No module named 'langchain_classic'
=========================== short test summary info ===========================
ERROR tests/test_conversations_api.py
!!!!!!!!!!!!!!!!!!! Interrupted: 1 error during collection !!!!!!!!!!!!!!!!!!!!
============================== 1 error in 0.79s ===============================
